
Memory Configuration

Name             Origin             Length             Attributes
IROM             0x00000000         0x0000f000         xr
IROM2            0x0000f000         0x00009000         xr
DROM             0x00020000         0x00004000         xr
ROMBSS_RAM       0x00080000         0x00001c1c         rw
ROM2_RAM         0x00081c20         0x000003e0         rw
BOOTLOADER_RAM   0x00082000         0x00002000         xrw
BD_RAM           0x00084000         0x0000b000         xrw
MSP_RAM          0x0008f000         0x00001000         xw
RETENTION_RAM    0x000c0000         0x00000400         xrw
KM0_BOOT         0x08000020         0x00001fe0         xr
DPK              0x08001000         0x00001000         r
BACKUP           0x08002000         0x00001000         r
XIPSYS           0x08003000         0x00001000         r
KM4_BOOT         0x08004020         0x00001fe0         xr
KM0_IMG2         0x0c000020         0x01ffffe0         xr
KM4_IMG2         0x0e000020         0x01ffffe0         xr
PRINT_RAM        0x1006f000         0x00001000         xrw
*default*        0x00000000         0xffffffff

Linker script and memory map

LOAD ./build/rom2/check_lp_sign.o
START GROUP
LOAD /cygdrive/e/0code/v03slave/submit/project/realtek_amebaD_va0_example/GCC-RELEASE/project_lp/toolchain/cygwin/asdk-6.4.1/cygwin/newlib/bin/../lib/gcc/arm-none-eabi/6.4.1/v8-m.base/libgcc.a
LOAD /cygdrive/e/0code/v03slave/submit/project/realtek_amebaD_va0_example/GCC-RELEASE/project_lp/toolchain/cygwin/asdk-6.4.1/cygwin/newlib/bin/../lib/gcc/arm-none-eabi/6.4.1/../../../../arm-none-eabi/lib/v8-m.base/libc.a
END GROUP
START GROUP
LOAD /cygdrive/e/0code/v03slave/submit/project/realtek_amebaD_va0_example/GCC-RELEASE/project_lp/toolchain/cygwin/asdk-6.4.1/cygwin/newlib/bin/../lib/gcc/arm-none-eabi/6.4.1/v8-m.base/libgcc.a
LOAD /cygdrive/e/0code/v03slave/submit/project/realtek_amebaD_va0_example/GCC-RELEASE/project_lp/toolchain/cygwin/asdk-6.4.1/cygwin/newlib/bin/../lib/gcc/arm-none-eabi/6.4.1/../../../../arm-none-eabi/lib/v8-m.base/libc.a
LOAD /cygdrive/e/0code/v03slave/submit/project/realtek_amebaD_va0_example/GCC-RELEASE/project_lp/toolchain/cygwin/asdk-6.4.1/cygwin/newlib/bin/../lib/gcc/arm-none-eabi/6.4.1/../../../../arm-none-eabi/lib/v8-m.base/libnosys.a
END GROUP

.rom2.data      0x00081c20        0x0
                0x00081c20                __rom2_data_start__ = .
 *(.data*)
 .data          0x00081c20        0x0 ./build/rom2/check_lp_sign.o
                0x00081c20                __rom2_data_end__ = .
                0x00081c20                . = ALIGN (0x20)

.rom2.bss       0x00081c20        0x0
                0x00081c20                __rom2_bss_start__ = .
 *(.bss*)
 .bss           0x00081c20        0x0 ./build/rom2/check_lp_sign.o
 *(COMMON)
                0x00081c20                __rom2_bss_end__ = .
                0x00081c20                . = ALIGN (0x20)

.rom.heap       0x00081c20        0x0
                0x00081c20                __rom2_heap_start__ = .
                0x00081c20                end = .

.rom2.text      0x0000f000      0x640
                0x0000f000                __rom2_text_start__ = .
 *(.hal.rom2.entry.text*)
 .hal.rom2.entry.text
                0x0000f000      0x220 ./build/rom2/check_lp_sign.o
                0x0000f000                BOOT_ROM_KM0_Patch
 *(.hal.rom2.text*)
 .hal.rom2.text
                0x0000f220      0x1a8 ./build/rom2/check_lp_sign.o
                0x0000f220                ADC_SWTrigCmd_rom
                0x0000f260                ADC_Readable_rom
                0x0000f274                app_gen_random_seed_rom
                0x0000f3a4                km4_boot_on
 *(.text*)
 .text          0x0000f3c8        0x0 ./build/rom2/check_lp_sign.o
 *(.hal.rom2.rodata*)
 .hal.rom2.rodata
                0x0000f3c8      0x1d8 ./build/rom2/check_lp_sign.o
 *(.rodata*)
 *(.rom.rodata.str1.4*)
 .rom.rodata.str1.4
                0x0000f5a0       0x88 ./build/rom2/check_lp_sign.o
                                 0x86 (size before relaxing)
                0x0000f640                . = ALIGN (0x20)
 *fill*         0x0000f628       0x18 
                0x0000f640                __rom2_text_end__ = .

.glue_7         0x0000f640        0x0
 .glue_7        0x0000f640        0x0 linker stubs

.glue_7t        0x0000f640        0x0
 .glue_7t       0x0000f640        0x0 linker stubs

.vfp11_veneer   0x0000f640        0x0
 .vfp11_veneer  0x0000f640        0x0 linker stubs

.v4_bx          0x0000f640        0x0
 .v4_bx         0x0000f640        0x0 linker stubs

.iplt           0x0000f640        0x0
 .iplt          0x0000f640        0x0 ./build/rom2/check_lp_sign.o

.igot.plt       0x0000f640        0x0
 .igot.plt      0x0000f640        0x0 ./build/rom2/check_lp_sign.o

.rel.dyn        0x0000f640        0x0
 .rel.iplt      0x0000f640        0x0 ./build/rom2/check_lp_sign.o

.ram_image1.entry
                0x00082000        0x0
                0x00082000                __ram_image1_text_start__ = .
                0x00082000                __ram_start_table_start__ = .
 *(SORT(.image1.entry.data*))
 *(.image1.validate.rodata*)
 *(.image1.rodata*)

.ram_retention.entry
                0x000c0000        0x0
                0x000c0000                __retention_entry_func__ = ABSOLUTE (.)

.ram.data
 *(.data*)

.ram.bss
 *(.bss*)
                0x00000000                __vectors_table = 0x0
                0x00000101                Reset_Handler = 0x101
                0x00000105                NMI_Handler = 0x105
                0x00000109                HardFault_Handler = 0x109
                0x0000010d                MemManage_Handler = 0x10d
                0x00000111                BusFault_Handler = 0x111
                0x00000115                DiagVSprintf = 0x115
                0x00000475                DiagPrintf = 0x475
                0x000004b9                DiagPrintfD = 0x4b9
                0x000004dd                DiagSPrintf = 0x4dd
                0x00000501                DiagSnPrintf = 0x501
                0x000008d9                cmd_write_word = 0x8d9
                0x0000091d                cmd_dump_word = 0x91d
                0x000009f9                cmd_flash = 0x9f9
                0x00000f91                cmd_efuse = 0xf91
                0x000012e9                cmd_rom_table = 0x12e9
                0x000012f5                Rand = 0x12f5
                0x00001375                Rand_Arc4 = 0x1375
                0x000013a9                RandBytes_Get = 0x13a9
                0x000013f1                io_assert_failed = 0x13f1
                0x00001411                BKUP_Write = 0x1411
                0x00001435                BKUP_Read = 0x1435
                0x00001455                BKUP_Set = 0x1455
                0x0000147d                BKUP_Clear = 0x147d
                0x000014a5                BOOT_Reason = 0x14a5
                0x000014b5                DelayNop = 0x14b5
                0x000014c3                DelayUs = 0x14c3
                0x00001505                DelayMs = 0x1505
                0x00001519                EFUSEPowerSwitch = 0x1519
                0x0000159d                EFUSERead8 = 0x159d
                0x00001661                EFUSEWrite8 = 0x1661
                0x00001731                EFUSE_PG_Packet = 0x1731
                0x00001965                EFUSE_LogicalMap_Read = 0x1965
                0x00001a71                EFUSE_LogicalMap_Write = 0x1a71
                0x00001c51                FLASH_SW_CS_Control = 0x1c51
                0x00001c91                FLASH_SetSpiMode = 0x1c91
                0x00001d1d                FLASH_RxCmd = 0x1d1d
                0x00001d89                FLASH_WaitBusy = 0x1d89
                0x00001df5                FLASH_RxData = 0x1df5
                0x00001ebd                FLASH_TxCmd = 0x1ebd
                0x00001f3d                FLASH_WriteEn = 0x1f3d
                0x00001f61                FLASH_TxData256B = 0x1f61
                0x00002049                FLASH_TxData12B = 0x2049
                0x00002129                FLASH_SetStatus = 0x2129
                0x00002147                FLASH_Erase = 0x2147
                0x000021b9                FLASH_DeepPowerDown = 0x21b9
                0x00002205                FLASH_SetStatusBits = 0x2205
                0x000022a5                FLASH_StructInit_Micron = 0x22a5
                0x00002333                FLASH_StructInit_MXIC = 0x2333
                0x000023bd                FLASH_StructInit_GD = 0x23bd
                0x00002451                FLASH_StructInit = 0x2451
                0x000024e1                FLASH_Init = 0x24e1
                0x00002559                GDMA_StructInit = 0x2559
                0x00002579                GDMA_SetLLP = 0x2579
                0x000025e1                GDMA_ClearINTPendingBit = 0x25e1
                0x000026ad                GDMA_ClearINT = 0x26ad
                0x00002775                GDMA_INTConfig = 0x2775
                0x0000286d                GDMA_Cmd = 0x286d
                0x000028b9                GDMA_Init = 0x28b9
                0x000029e5                GDMA_ChCleanAutoReload = 0x29e5
                0x00002a41                GDMA_SetSrcAddr = 0x2a41
                0x00002a75                GDMA_GetSrcAddr = 0x2a75
                0x00002aa5                GDMA_GetDstAddr = 0x2aa5
                0x00002ad9                GDMA_SetDstAddr = 0x2ad9
                0x00002b0d                GDMA_SetBlkSize = 0x2b0d
                0x00002b4d                GDMA_GetBlkSize = 0x2b4d
                0x00002b85                GDMA_ChnlRegister = 0x2b85
                0x00002bc9                GDMA_ChnlUnRegister = 0x2bc9
                0x00002c01                GDMA_ChnlAlloc = 0x2c01
                0x00002c85                GDMA_ChnlFree = 0x2c85
                0x00002ce5                GDMA_GetIrqNum = 0x2ce5
                0x00002d15                GPIO_INTMode = 0x2d15
                0x00002da1                GPIO_INTConfig = 0x2da1
                0x00002dcd                GPIO_INTHandler = 0x2dcd
                0x00002e71                GPIO_Direction = 0x2e71
                0x00002e9d                GPIO_Init = 0x2e9d
                0x00002f19                GPIO_DeInit = 0x2f19
                0x00002f7d                GPIO_ReadDataBit = 0x2f7d
                0x00002f9d                GPIO_WriteBit = 0x2f9d
                0x00002fc9                GPIO_PortDirection = 0x2fc9
                0x00002fed                GPIO_PortRead = 0x2fed
                0x00002ffd                GPIO_PortWrite = 0x2ffd
                0x00003015                GPIO_UserRegIrq = 0x3015
                0x00003045                IPC_INTConfig = 0x3045
                0x00003057                IPC_IERSet = 0x3057
                0x0000305b                IPC_IERGet = 0x305b
                0x0000305f                IPC_INTRequest = 0x305f
                0x00003067                IPC_INTClear = 0x3067
                0x0000306f                IPC_INTGet = 0x306f
                0x00003073                IPC_CPUID = 0x3073
                0x0000307d                IPC_SEMGet = 0x307d
                0x000030c5                IPC_SEMFree = 0x30c5
                0x00003129                IPC_INTHandler = 0x3129
                0x00003161                IPC_INTUserHandler = 0x3161
                0x00003199                LOGUART_StructInit = 0x3199
                0x000031b1                LOGUART_Init = 0x31b1
                0x000031f1                LOGUART_PutChar = 0x31f1
                0x00003221                LOGUART_GetChar = 0x3221
                0x00003239                LOGUART_Readable = 0x3239
                0x0000324d                LOGUART_GetIMR = 0x324d
                0x00003259                LOGUART_SetIMR = 0x3259
                0x00003265                LOGUART_WaitBusy = 0x3265
                0x00003285                LOGUART_SetBaud = 0x3285
                0x000032c9                LOGUART_SetBaud_FromFlash = 0x32c9
                0x000032e9                LOGUART_DiagInit = 0x32e9
                0x00003359                mpu_enable = 0x3359
                0x00003371                mpu_disable = 0x3371
                0x00003385                mpu_init = 0x3385
                0x000033ad                mpu_set_mem_attr = 0x33ad
                0x00003401                mpu_region_cfg = 0x3401
                0x000034ed                mpu_entry_free = 0x34ed
                0x000034f9                mpu_entry_alloc = 0x34f9
                0x00003511                RSIP_Cmd = 0x3511
                0x00003531                RSIP_OTF_init = 0x3531
                0x00003595                RSIP_OTF_Cmd = 0x3595
                0x000035a9                RSIP_OTF_Mask = 0x35a9
                0x000035e9                RSIP_KEY_Request = 0x35e9
                0x00003625                RSIP_MMU_Config = 0x3625
                0x00003649                RSIP_MMU_Cmd = 0x3649
                0x00003665                PAD_DrvStrength = 0x3665
                0x00003685                PAD_PullCtrl = 0x3685
                0x000036b1                PAD_CMD = 0x36b1
                0x000036dd                Pinmux_Config = 0x36dd
                0x000036fd                Pinmux_ConfigGet = 0x36fd
                0x0000370d                Pinmux_UartLogCtrl = 0x370d
                0x00003749                Pinmux_SpicCtrl = 0x3749
                0x00003801                simulation_bit_index = 0x3801
                0x00003815                simulation_stage_set = 0x3815
                0x00003839                SYSTIMER_Init = 0x3839
                0x00003885                SYSTIMER_TickGet = 0x3885
                0x00003899                SYSTIMER_GetPassTime = 0x3899
                0x000038c5                RTIM_TimeBaseStructInit = 0x38c5
                0x000038db                RTIM_Cmd = 0x38db
                0x0000398d                RTIM_GetCount = 0x398d
                0x00003a21                RTIM_INTConfig = 0x3a21
                0x00003ad1                RTIM_INTClear = 0x3ad1
                0x00003b65                RTIM_TimeBaseInit = 0x3b65
                0x00003cad                RTIM_DeInit = 0x3cad
                0x00003d51                RTIM_INTClearPendingBit = 0x3d51
                0x00003ded                RTIM_GetFlagStatus = 0x3ded
                0x00003f0d                RTIM_GetINTStatus = 0x3f0d
                0x00004039                UART_DeInit = 0x4039
                0x0000403f                UART_StructInit = 0x403f
                0x0000405b                UART_BaudParaGetFull = 0x405b
                0x0000408d                UART_BaudParaGet = 0x408d
                0x000040b1                UART_SetBaud = 0x40b1
                0x00004141                UART_SetBaudExt = 0x4141
                0x000041b5                UART_SetRxLevel = 0x41b5
                0x000041dd                UART_RxCmd = 0x41dd
                0x000041ed                UART_Writable = 0x41ed
                0x000041f5                UART_Readable = 0x41f5
                0x000041fd                UART_CharPut = 0x41fd
                0x00004201                UART_CharGet = 0x4201
                0x00004207                UART_ReceiveData = 0x4207
                0x0000422d                UART_SendData = 0x422d
                0x00004251                UART_ReceiveDataTO = 0x4251
                0x00004289                UART_SendDataTO = 0x4289
                0x000042c1                UART_RxByteCntClear = 0x42c1
                0x000042cd                UART_RxByteCntGet = 0x42cd
                0x000042d3                UART_BreakCtl = 0x42d3
                0x000042e7                UART_ClearRxFifo = 0x42e7
                0x00004307                UART_Init = 0x4307
                0x000043ad                UART_ClearTxFifo = 0x43ad
                0x000043b7                UART_INTConfig = 0x43b7
                0x000043c9                UART_IntStatus = 0x43c9
                0x000043cd                UART_ModemStatusGet = 0x43cd
                0x000043d1                UART_LineStatusGet = 0x43d1
                0x000043d5                UART_WaitBusy = 0x43d5
                0x000043f9                BOOT_ROM_CM4PON = 0x43f9
                0x000044f1                BOOT_ROM_OSC131_Enable = 0x44f1
                0x00004505                BOOT_ROM_ResetVsr = 0x4505
                0x000049d1                EXT32K_Cmd = 0x49d1
                0x000049f9                XTAL_ClkGet = 0x49f9
                0x00004a11                CPU_ClkSet = 0x4a11
                0x00004a25                CPU_ClkGet = 0x4a25
                0x00004a49                FLASH_ClockDiv = 0x4a49
                0x00004ae5                FLASH_CalibrationInit = 0x4ae5
                0x00004afd                FLASH_Calibration500MPSCmd = 0x4afd
                0x00004b1d                FLASH_CalibrationPhase = 0x4b1d
                0x00004ba9                FLASH_CalibrationPhaseIdx = 0x4ba9
                0x00004bc1                FLASH_CalibrationNewCmd = 0x4bc1
                0x00004bfd                FLASH_CalibrationNew = 0x4bfd
                0x00004dd1                FLASH_Calibration = 0x4dd1
                0x00004f09                RCC_PeriphClockCmd = 0x4f09
                0x00004f89                RCC_PeriphClockSource_RTC = 0x4f89
                0x00004fd9                RCC_PeriphClockSource_I2C = 0x4fd9
                0x00004ff9                RCC_PeriphClockSource_QDEC = 0x4ff9
                0x00005019                RCC_PeriphClockSource_UART = 0x5019
                0x00005091                SYSCFG_GetChipInfo = 0x5091
                0x000050ad                SYSCFG_AutoLoadDone = 0x50ad
                0x000050bd                SYSCFG_TRP_LDOMode = 0x50bd
                0x000050cd                SYSCFG_TRP_UARTImage = 0x50cd
                0x000050dd                SYSCFG_TRP_ICFG = 0x50dd
                0x000050e9                SYSCFG_ROMINFO_Get = 0x50e9
                0x000050f5                SYSCFG_ROMINFO_Set = 0x50f5
                0x00005299                INT_HardFault_C = 0x5299
                0x0000536d                INT_NMI = 0x536d
                0x00005389                INT_HardFault = 0x5389
                0x000053a1                INT_MemManage = 0x53a1
                0x000053bd                INT_BusFault = 0x53bd
                0x000053d9                INT_UsageFault = 0x53d9
                0x000053f5                irq_table_init = 0x53f5
                0x00005559                irq_enable = 0x5559
                0x00005575                irq_disable = 0x5575
                0x00005599                irq_set_priority = 0x5599
                0x000055f9                irq_get_priority = 0x55f9
                0x0000563d                irq_set_pending = 0x563d
                0x00005659                irq_get_pending = 0x5659
                0x0000567d                irq_clear_pending = 0x567d
                0x00005699                irq_register = 0x5699
                0x00005711                irq_unregister = 0x5711
                0x0000572d                shell_array_init = 0x572d
                0x0000573b                shell_get_argc = 0x573b
                0x00005767                shell_get_argv = 0x5767
                0x00005831                shell_cmd_chk = 0x5831
                0x000058f5                shell_uart_irq_rom = 0x58f5
                0x000059ad                shell_init_rom = 0x59ad
                0x00005a1d                shell_task_rom = 0x5a1d
                0x00005a45                shell_rom = 0x5a45
                0x00005ae9                xmodem_img_rxbuffer = 0x5ae9
                0x000060f5                xmodem_uart_init = 0x60f5
                0x0000618d                xmodem_uart_deinit = 0x618d
                0x000061a1                xmodem_uart_port_init = 0x61a1
                0x000061d5                xmodem_uart_port_deinit = 0x61d5
                0x00006221                xmodem_uart_readable = 0x6221
                0x00006239                xmodem_uart_writable = 0x6239
                0x00006251                xmodem_uart_getc = 0x6251
                0x00006275                xmodem_uart_putc = 0x6275
                0x0000628d                xmodem_uart_putdata = 0x628d
                0x000062a9                xmodem_uart_getc_to = 0x62a9
                0x000062f1                xmodem_uart_clean_rx = 0x62f1
                0x00006331                xmodem_img_write = 0x6331
                0x0000634d                xmodem_img_download = 0x634d
                0x000063c1                _char2num = 0x63c1
                0x000063ed                _2char2dec = 0x63ed
                0x0000645d                _2char2hex = 0x645d
                0x000064c5                _memchr = 0x64c5
                0x00006545                _memcmp = 0x6545
                0x00006591                _memcpy = 0x6591
                0x00006611                _memmove = 0x6611
                0x000066ad                _memset = 0x66ad
                0x000067d1                _vsscanf = 0x67d1
                0x00006c51                _sscanf = 0x6c51
                0x00006c69                _stratoi = 0x6c69
                0x00006cc1                _strcat = 0x6cc1
                0x00006d11                _strchr = 0x6d11
                0x00006de9                _strcmp = 0x6de9
                0x00006e49                _strcpy = 0x6e49
                0x00006e91                _stricmp = 0x6e91
                0x00006ec5                _strlen = 0x6ec5
                0x00006f29                _strncat = 0x6f29
                0x00006f8d                _strncmp = 0x6f8d
                0x00007019                _strncpy = 0x7019
                0x00007081                _strnlen = 0x7081
                0x000070a5                _strpbrk = 0x70a5
                0x000070d1                _strsep = 0x70d1
                0x000073cd                _strstr = 0x73cd
                0x000075d5                _strtoull = 0x75d5
                0x000076d5                _strtoll = 0x76d5
                0x000076f5                _strtok = 0x76f5
                0x00007705                __strtok_r = 0x7705
                0x00007761                _strtok_r = 0x7761
                0x0000776d                _strtol_r = 0x776d
                0x00007899                _strtol = 0x7899
                0x000078a1                _strtoul_r = 0x78a1
                0x000079d9                _strtoul = 0x79d9
                0x000079e1                _strupr = 0x79e1
                0x000079fd                Write778_8721D_ROM = 0x79fd
                0x00007a3d                DacSwing_8721D_ROM = 0x7a3d
                0x00007a61                InitBTMailbox_8721D_ROM = 0x7a61
                0x00007ae9                BTMailboxRetry_8721D_ROM = 0x7ae9
                0x00007b39                C2HBTInfo_8721D_ROM = 0x7b39
                0x00007be5                C2HBTLoopback_8721D_ROM = 0x7be5
                0x00007c21                C2HBTMpRpt_8721D_ROM = 0x7c21
                0x00007c91                BTNullSetting_8721D_ROM = 0x7c91
                0x00007cf9                IssueBTQNull_8721D_ROM = 0x7cf9
                0x00007d9d                WlanActCtrl_8721D_ROM = 0x7d9d
                0x00007dd5                ChangeCoexTable_8721D_ROM = 0x7dd5
                0x00007e15                InitBTCoexTimer_8721D_ROM = 0x7e15
                0x00007e31                FlexibleExtensionDecision_8721D_ROM = 0x7e31
                0x00007f95                BT_TDMA_Slot_Operation_1and4_8721D_ROM = 0x7f95
                0x000080c9                BT_TDMA_Slot_Operation_2and5_8721D_ROM = 0x80c9
                0x000081fd                BT_TDMA_Slot_Operation_0and3_8721D_ROM = 0x81fd
                0x00008341                InitBTypeTDMA2_8721D_ROM = 0x8341
                0x00008361                BTypeTDMABCNEarly_8721D_ROM = 0x8361
                0x00008445                BTypeTDMATBTThdl_8721D_ROM = 0x8445
                0x00008491                BTypeTDMATimeOuthdl_8721D_ROM = 0x8491
                0x000084e9                BTRoleChangeTimerHDL_8721D_ROM = 0x84e9
                0x00008509                BTRoleChangeTBTTHDL_8721D_ROM = 0x8509
                0x00008559                MailboxINTHDL_8721D_ROM = 0x8559
                0x00008701                H2CInQueue_8721D_ROM = 0x8701
                0x000087fd                H2CDeQueue_8721D_ROM = 0x87fd
                0x00008855                InitC2H_8721D_ROM = 0x8855
                0x00008879                WaitC2HOk_8721D_ROM = 0x8879
                0x000088b5                C2HPKTRxDESC_8721D_ROM = 0x88b5
                0x0000890d                FillC2HContant_8721D_ROM = 0x890d
                0x00008949                IssueC2HPKT_8721D_ROM = 0x8949
                0x00008999                C2HDeQueue_8721D_ROM = 0x8999
                0x000089e9                C2HInQueue_8721D_ROM = 0x89e9
                0x00008a3d                PktBufAccessCtrl_8721D_ROM = 0x8a3d
                0x00008aad                FillMailbox_8721D_ROM = 0x8aad
                0x00008b69                WL2BTMailbox_8721D_ROM = 0x8b69
                0x00008bfd                H2CHDL_BTInfo_8721D_ROM = 0x8bfd
                0x00008c81                H2CHDL_ForceBTTxpwr_8721D_ROM = 0x8c81
                0x00008c95                H2CHDL_BTIgnoreWlanAct_8721D_ROM = 0x8c95
                0x00008d05                H2CHDL_DACSwingValue_8721D_ROM = 0x8d05
                0x00008d41                H2CHDL_AntSelReverse_8721D_ROM = 0x8d41
                0x00008d55                H2CHDL_WLOpmode_8721D_ROM = 0x8d55
                0x00008dc5                H2CHDL_BTMpH2C_8721D_ROM = 0x8dc5
                0x00008e7d                H2CHDL_BTControl_8721D_ROM = 0x8e7d
                0x00008ee5                H2CHDL_BTWifiCtrl_8721D_ROM = 0x8ee5
                0x00008f8d                H2CHDL_BT_Page_Scan_Interval_8721D_ROM = 0x8f8d
                0x00008fb1                H2CHDL_WLCalibration_8721D_ROM = 0x8fb1
                0x00009021                H2CHDL_GNT_BT_CTRL_8721D_ROM = 0x9021
                0x0000906d                H2CHDL_BT_ONLY_TEST_8721D_ROM = 0x906d
                0x00009099                H2CHDL_BT_Init_Param_8721D_ROM = 0x9099
                0x00009119                CheckMaxMacidNum_8721D_ROM = 0x9119
                0x00009169                SetMediaStatus_8721D_ROM = 0x9169
                0x0000919d                GetMediaStatus_8721D_ROM = 0x919d
                0x000091b5                WaitDDMARDY = 0x91b5
                0x000091e5                InitDDMA = 0x91e5
                0x000092a5                ChkDDMAChksum = 0x92a5
                0x000092e9                CheckDDMADone = 0x92e9
                0x00009311                FwlbkLLTWrite_8721D_ROM = 0x9311
                0x0000935d                FwlbkCheckRxPayload_8721D_ROM = 0x935d
                0x000095bd                FwlbkModeAFElbk_8721D_ROM = 0x95bd
                0x0000972d                FwlbkMcuPollMgq_8721D_ROM = 0x972d
                0x00009789                FwlbkMode_8721D_ROM = 0x9789
                0x00009911                FwlbkHWInitialLLT_8721D_ROM = 0x9911
                0x00009981                FwlbkDbgPrtU16_8721D_ROM = 0x9981
                0x0000998d                FwlbkPreparePkt_8721D_ROM = 0x998d
                0x00009a99                FwlbkModeSel_8721D_ROM = 0x9a99
                0x00009b31                FwlbkSetCAM_8721D_ROM = 0x9b31
                0x00009bd5                FwlbkUpdateParam_8721D_ROM = 0x9bd5
                0x00009c21                FwlbkModeMaclbk_8721D_ROM = 0x9c21
                0x00009c31                FwlbkModeTx_8721D_ROM = 0x9c31
                0x00009c39                FwlbkModeTxNoCheck_8721D_ROM = 0x9c39
                0x00009c41                FwlbkModeSecTest_8721D_ROM = 0x9c41
                0x00009db9                OnWpa_offload_8721D_ROM = 0x9db9
                0x00009f51                wpa_supplicant_process_1_of_2_8721D_ROM = 0x9f51
                0x00009f71                wpa_supplicant_decrypt_key_data_8721D_ROM = 0x9f71
                0x0000a131                wpa_supplicant_send_2_of_2_8721D_ROM = 0xa131
                0x0000a3bd                WriteCAM_8721D_ROM = 0xa3bd
                0x0000a41d                ReadCAM_8721D_ROM = 0xa41d
                0x0000a481                write_cam_wow_8721D_ROM = 0xa481
                0x0000a531                AesTkipIvFun_8721D_ROM = 0xa531
                0x0000a581                WepIvFun_8721D_ROM = 0xa581
                0x0000a5bd                AppendTkipMIC_8721D_ROM = 0xa5bd
                0x0000a6a9                RTmemcmpBackward_8721D_ROM = 0xa6a9
                0x0000a6cf                AssignIvToKeyRsc_8721D_ROM = 0xa6cf
                0x0000a6fd                AssignKeyRscToIV_8721D_ROM = 0xa6fd
                0x0000a73f                AesTkipIvCheck_8721D_ROM = 0xa73f
                0x0000a7b1                WepIvCheck_8721D_ROM = 0xa7b1
                0x0000a7ed                ReadGTKData_8721D_ROM = 0xa7ed
                0x0000a811                ClrAllFWUsedIMR_8721D_ROM = 0xa811
                0x0000a875                ClrAllFWUsedISR_8721D_ROM = 0xa875
                0x0000a8d9                CheckFWLBKEnable_8721D_ROM = 0xa8d9
                0x0000a8ed                UpdateISRWlan_8721D = 0xa8ed
                0x0000a9a5                UpdateISRFT_8721D = 0xa9a5
                0x0000aa01                getSumValue_8721D_ROM = 0xaa01
                0x0000aa4d                getCheckSum_8721D_ROM = 0xaa4d
                0x0000aadd                AESUnwrapSwap_8721D_ROM = 0xaadd
                0x0000ab2d                FillParameterIpsec_8721D_ROM = 0xab2d
                0x0000ab51                FillMichaelPacketInfo_8721D_ROM = 0xab51
                0x0000ab79                AesUnwrapIpsec_8721D_ROM = 0xab79
                0x0000abfd                HmacSha1Ipsec_8721D_ROM = 0xabfd
                0x0000ac5d                HmcMd5Ipsec_8721D_ROM = 0xac5d
                0x0000acbd                TkipMicIpsec_8721D_ROM = 0xacbd
                0x0000adcd                RC4Ipsec_8721D_ROM = 0xadcd
                0x0000ae9d                IPSecDataIn_8721D_ROM = 0xae9d
                0x0000aeb1                IPSecDataOut_8721D_ROM = 0xaeb1
                0x0000aec5                IPSecFillDesrciptor_8721D_ROM = 0xaec5
                0x0000aeef                IPSWriteDescriptorIO_8721D_ROM = 0xaeef
                0x0000af09                IPSecDesrciptor_8721D_ROM = 0xaf09
                0x0000af1d                IPSecWriteDataIOMode_8721D_ROM = 0xaf1d
                0x0000af85                IPSecSetExMemoryAddr_8721D_ROM = 0xaf85
                0x0000af99                IPSecSetDescAddr_8721D_ROM = 0xaf99
                0x0000afad                IPSecGetDataIOMode_8721D_ROM = 0xafad
                0x0000b009                IPSecSetOPMode_8721D_ROM = 0xb009
                0x0000b085                IPSecEngine_8721D_ROM = 0xb085
                0x0000b19d                Aes128EncIpsec_8721D_ROM = 0xb19d
                0x0000b1fd                AESEncrypt128_8721D_ROM = 0xb1fd
                0x0000b24d                Aes128DecIpsec_8721D_ROM = 0xb24d
                0x0000b2ad                AESDecrypt128_8721D_ROM = 0xb2ad
                0x0000b2fd                AES_CMAC_GenerateSubKey_1W_8721D_ROM = 0xb2fd
                0x0000b3a1                AES_CMAC_1W_8721D_ROM = 0xb3a1
                0x0000b491                AES_KeyExpansion_1W_8721D_ROM = 0xb491
                0x0000b595                AES_Encrypt_1W_8721D_ROM = 0xb595
                0x0000b791                ChangeTransmiteRate_8721D_ROM = 0xb791
                0x0000b815                PowerBitSetting_8721D_ROM = 0xb815
                0x0000b87d                IssuePSPoll_8721D_ROM = 0xb87d
                0x0000b8bd                ChkandChangePS_8721D_ROM = 0xb8bd
                0x0000b94d                IssueQNull_8721D_ROM = 0xb94d
                0x0000b9e1                CTS2SelfSetting_8721D_ROM = 0xb9e1
                0x0000b9fd                IssueCTS2Self_8721D_ROM = 0xb9fd
                0x0000ba89                CheckCPUMGQEmpty_8721D_ROM = 0xba89
                0x0000bac9                IssueRsvdPagePacketSetting_8721D_ROM = 0xbac9
                0x0000bba1                ReadRxBuff_8721D_ROM = 0xbba1
                0x0000bbc5                PHY_InitBBRFRegDef_8721D = 0xbbc5
                0x0000bbf1                CheckBBRWIsStable_8721D = 0xbbf1
                0x0000bc45                PHY_QueryBBReg_8721D = 0xbc45
                0x0000bc9d                PHY_SetBBReg_8721D = 0xbc9d
                0x0000bcf9                PHY_RFSerialRead_8721D = 0xbcf9
                0x0000bd8d                PHY_RFSerialWrite_8721D = 0xbd8d
                0x0000bda9                PHY_QueryRFReg_8721D = 0xbda9
                0x0000bdb1                PHY_SetRFReg_8721D = 0xbdb1
                0x0000bdb9                SetSmartPSTimer_8721D_ROM = 0xbdb9
                0x0000be15                SetPwrStateReg_8721D_ROM = 0xbe15
                0x0000be89                ResetPSParm_8721D_ROM = 0xbe89
                0x0000bec5                ChkTxQueueIsEmpty_8721D_ROM = 0xbec5
                0x0000bee9                Legacy_PS_Setting_8721D_ROM = 0xbee9
                0x0000bf61                PSModeSetting_8721D_ROM = 0xbf61
                0x0000bff5                ConfigListenBeaconPeriod_8721D_ROM = 0xbff5
                0x0000c035                PSSetMode_8721D_ROM = 0xc035
                0x0000c085                PS_S2ToS3State_8721D_ROM = 0xc085
                0x0000c109                PS_S2ToS0State_8721D_ROM = 0xc109
                0x0000c139                PS_S3ToS2orS0State_8721D_ROM = 0xc139
                0x0000c1a1                PS_S0ToS1State_8721D_ROM = 0xc1a1
                0x0000c229                PS_S1ToS0orS2State_8721D_ROM = 0xc229
                0x0000c299                PS_S2ToS4State_8721D_ROM = 0xc299
                0x0000c2ed                PS_S2ToS5State_8721D_ROM = 0xc2ed
                0x0000c329                PS_S5ToS2State_8721D_ROM = 0xc329
                0x0000c365                PS_S4ToS2State_8721D_ROM = 0xc365
                0x0000c3a1                SmartPS2InitTimerAndToGetRxPkt_8721D_ROM = 0xc3a1
                0x0000c3e9                SetBcnEarlyAndTimeout_8721D_ROM = 0xc3e9
                0x0000c48d                EnlargeBcnEarlyAndTimeout_8721D_ROM = 0xc48d
                0x0000c4e1                ResetBcnEarlyAdjustParm_8721D_ROM = 0xc4e1
                0x0000c51d                PS_S0ToS6State_8721D_ROM = 0xc51d
                0x0000c555                PS_S6ToS0State_8721D_ROM = 0xc555
                0x0000c58d                Set_arfr_8721D_ROM = 0xc58d
                0x0000c5e9                InitRAInfo_8721D_ROM = 0xc5e9
                0x0000c735                C2H_RA_Rpt_8721D_ROM = 0xc735
                0x0000c76d                check_rate_8721D_ROM = 0xc76d
                0x0000c795                RateUp_search_RateMask_8721D_ROM = 0xc795
                0x0000c7cd                RateDown_search_RateMask_8721D_ROM = 0xc7cd
                0x0000c825                RateDownTrying_8721D_ROM = 0xc825
                0x0000c899                Count_Ratio_8721D_ROM = 0xc899
                0x0000c907                ArfrRefresh_8721D_ROM = 0xc907
                0x0000ca89                H2CHDL_Set_MACID_Config_8721D_ROM = 0xca89
                0x0000cb85                H2CHDL_SetRssiSingle_8721D_ROM = 0xcb85
                0x0000cbb5                ODM_H2C_RADebugMonitor_8721D_ROM = 0xcbb5
                0x0000cc99                C2H_RA_Dbg_code_en_8721D_ROM = 0xcc99
                0x0000cd01                InitialRateByRssi_8721D_ROM = 0xcd01
                0x0000cd71                H2CHDL_Set_FW_Trace_en_8721D_ROM = 0xcd71
                0x0000cdad                H2CHDL_APReqTxrpt_8721D_ROM = 0xcdad
                0x0000cf15                H2CHDL_InitRateCollect_8721D_ROM = 0xcf15
                0x0000cf7d                Pkt_Num_shift_8721D_ROM = 0xcf7d
                0x0000cf95                PT_update_8721D_ROM = 0xcf95
                0x0000cfad                ResetTxrpt_8721D_ROM = 0xcfad
                0x0000cfe5                PsuseTxrpt_8721D_ROM = 0xcfe5
                0x0000cff9                GetTxrptStatistic_8721D_ROM = 0xcff9
                0x0000d0e1                PollingReg_8721D_ROM = 0xd0e1
                0x0000d121                WritePONReg_8721D_ROM = 0xd121
                0x0000d12d                ReadPONReg_8721D_ROM = 0xd12d
                0x0000d13d                InitGTimer32us_8721D_ROM = 0xd13d
                0x0000d17d                InitGTimer1ms_8721D_ROM = 0xd17d
                0x0000d1d1                setwlanimr_8721D_ROM = 0xd1d1
                0x0000d1ed                clrwlanimr_8721D_ROM = 0xd1ed
                0x0000d209                setwlanimr2_8721D_ROM = 0xd209
                0x0000d225                clrwlanimr2_8721D_ROM = 0xd225
                0x0000d241                setftimr_8721D_ROM = 0xd241
                0x0000d25d                clrftimr_8721D_ROM = 0xd25d
                0x0000d279                GetIV = 0xd279
                0x0000d2a5                GetIVLenAndSecurityType_8721D_ROM = 0xd2a5
                0x0000d2e9                GetMACHeaderLen_8721D_ROM = 0xd2e9
                0x0000d309                UpdateIV_8721D_ROM = 0xd309
                0x00020000                ROM_SIM_ENABLE = 0x20000
                0x00020064                SPIC_CALIB_PATTERN = 0x20064
                0x00020080                PORT_AB = 0x20080
                0x00020088                OTF_IV_ENC = 0x20088
                0x00020098                ROM_IMG1_VALID_PATTEN = 0x20098
                0x0002013c                BAUDRATE_TABLE = 0x2013c
                0x000201cc                FWLBK_LEN = 0x201cc
                0x000201d4                FWLBK_TXDESC = 0x201d4
                0x000201fc                FWLBK_HEADER_UC = 0x201fc
                0x00020214                FWLBK_HEADER = 0x20214
                0x0002022c                CAM_DATA0 = 0x2022c
                0x00020240                CAM_DATA1 = 0x20240
                0x00020244                CAM_DATA2 = 0x20244
                0x00020258                CAM_TYPE = 0x20258
                0x0002025d                CAM_DATA2_WAPI = 0x2025d
                0x00020261                FWLBK_DATARATE = 0x20261
                0x0002026c                Const_Zero = 0x2026c
                0x0002027c                Const_Rb = 0x2027c
                0x0002028c                aes_rcon = 0x2028c
                0x000202b8                aes_sbox_enc = 0x202b8
                0x000203b8                aes_mul_2 = 0x203b8
                0x000204b8                aes_mul_3 = 0x204b8
                0x00080000                __rom_bss_start__ = 0x80000
                0x00080000                NewVectorTable = 0x80000
                0x000800c0                UserIrqFunTable = 0x800c0
                0x00080140                UserIrqDataTable = 0x80140
                0x000801c0                ConfigDebugClose = 0x801c0
                0x000801c4                ConfigDebugBuffer = 0x801c4
                0x000801c8                ConfigDebugBufferGet = 0x801c8
                0x000801cc                ConfigDebug = 0x801cc
                0x000801dc                rand_first = 0x801dc
                0x000801e0                rand_seed = 0x801e0
                0x000801f4                RBSS_UDELAY_DIV = 0x801f4
                0x000801f8                flash_init_para = 0x801f8
                0x00080258                GDMA_Reg = 0x80258
                0x0008025c                PortA_IrqHandler = 0x8025c
                0x000802dc                PortA_IrqData = 0x802dc
                0x0008035c                PortB_IrqHandler = 0x8035c
                0x000803dc                PortB_IrqData = 0x803dc
                0x0008045c                IPC_IrqHandler = 0x8045c
                0x000804dc                IPC_IrqData = 0x804dc
                0x0008055c                IS_FPGA_VERIF = 0x8055c
                0x00080560                NEW_CALIBREATION_END = 0x80560
                0x00080568                shell_argv_array = 0x80568
                0x000805a8                shell_ctl = 0x805a8
                0x000805cc                shell_recv_all_data_onetime = 0x805cc
                0x000805d0                shell_buf = 0x805d0
                0x00080654                xmodem_ctrl = 0x80654
                0x00080660                xmodem_uartx = 0x80660
                0x00080664                mpu_entry_register = 0x80664
                0x0008066c                FWLBK_CTL_H = 0x8066c
                0x0008066e                FWLBK_SeqNum = 0x8066e
                0x00080670                FWLBK_CTL_L = 0x80670
                0x00080671                FWLBK_CTL_EXT = 0x80671
                0x00080674                FwlbkModeAFElbk_8721D_PTR = 0x80674
                0x00080678                FwlbkModeSecTest_8721D_PTR = 0x80678
                0x0008067c                FwlbkModeMaclbk_8721D_PTR = 0x8067c
                0x00080680                FwlbkModeTx_8721D_PTR = 0x80680
                0x00080684                FwlbkModeTxNoCheck_8721D_PTR = 0x80684
                0x00080688                FwlbkMcuPollMgq_8721D_PTR = 0x80688
                0x0008068c                FwlbkUpdateParam_8721D_PTR = 0x8068c
                0x00080690                FwlbkSetCAM_8721D_PTR = 0x80690
                0x00080694                FwlbkCheckRxPayload_8721D_PTR = 0x80694
                0x00080698                FwlbkModeSel_8721D_PTR = 0x80698
                0x0008069c                FwlbkPreparePkt_8721D_PTR = 0x8069c
                0x000806a0                FwlbkMode_8721D_PTR = 0x806a0
                0x000806a4                FwlbkHWInitialLLT_8721D_PTR = 0x806a4
                0x000806a8                FwlbkLLTWrite_8721D_PTR = 0x806a8
                0x000806ac                FwlbkDbgPrtU16_8721D_PTR = 0x806ac
                0x000806b0                AES_Encrypt_1W_8721D_PTR = 0x806b0
                0x000806b4                AES_CMAC_1W_8721D_PTR = 0x806b4
                0x000806b8                AES_CMAC_GenerateSubKey_1W_8721D_PTR = 0x806b8
                0x000806bc                AES_KeyExpansion_1W_8721D_PTR = 0x806bc
                0x000806c0                AESDecrypt128_8721D_PTR = 0x806c0
                0x000806c4                AESEncrypt128_8721D_PTR = 0x806c4
                0x000806c8                FillMichaelPacketInfo_8721D_PTR = 0x806c8
                0x000806cc                FillParameterIpsec_8721D_PTR = 0x806cc
                0x000806d0                Aes128DecIpsec_8721D_PTR = 0x806d0
                0x000806d4                Aes128EncIpsec_8721D_PTR = 0x806d4
                0x000806d8                TkipMicIpsec_8721D_PTR = 0x806d8
                0x000806dc                RC4Ipsec_8721D_PTR = 0x806dc
                0x000806e0                HmcMd5Ipsec_8721D_PTR = 0x806e0
                0x000806e4                HmacSha1Ipsec_8721D_PTR = 0x806e4
                0x000806e8                AESUnwrapSwap_8721D_PTR = 0x806e8
                0x000806ec                AesUnwrapIpsec_8721D_PTR = 0x806ec
                0x000806f0                IPSecSetDescAddr_8721D_PTR = 0x806f0
                0x000806f4                IPSecSetExMemoryAddr_8721D_PTR = 0x806f4
                0x000806f8                IPSecEngine_8721D_PTR = 0x806f8
                0x000806fc                IPSecSetOPMode_8721D_PTR = 0x806fc
                0x00080700                IPSecGetDataIOMode_8721D_PTR = 0x80700
                0x00080704                IPSecWriteDataIOMode_8721D_PTR = 0x80704
                0x00080708                IPSecDesrciptor_8721D_PTR = 0x80708
                0x0008070c                IPSWriteDescriptorIO_8721D_PTR = 0x8070c
                0x00080710                IPSecFillDesrciptor_8721D_PTR = 0x80710
                0x00080714                IPSecDataOut_8721D_PTR = 0x80714
                0x00080718                IPSecDataIn_8721D_PTR = 0x80718
                0x0008071c                getCheckSum_8721D_PTR = 0x8071c
                0x00080720                getSumValue_8721D_PTR = 0x80720
                0x00080724                AssignKeyRscToIV_Ptr = 0x80724
                0x00080728                AssignIvToKeyRsc_Ptr = 0x80728
                0x0008072c                WepIvCheck_Ptr = 0x8072c
                0x00080730                AesTkipIvCheck_Ptr = 0x80730
                0x00080734                RTmemcmpBackward_Ptr = 0x80734
                0x00080738                AppendTkipMIC_Ptr = 0x80738
                0x0008073c                ReadGTKData_Ptr = 0x8073c
                0x00080740                ReadCAM_Ptr = 0x80740
                0x00080744                WriteCAM_Ptr = 0x80744
                0x00080748                write_cam_wow_Ptr = 0x80748
                0x0008074c                wpa_supplicant_send_2_of_2_Ptr = 0x8074c
                0x00080750                wpa_supplicant_decrypt_key_data_Ptr = 0x80750
                0x00080754                wpa_supplicant_process_1_of_2_Ptr = 0x80754
                0x00080758                OnWpa_offload_Ptr = 0x80758
                0x0008075c                WepIvFun_Ptr = 0x8075c
                0x00080760                AesTkipIvFun_Ptr = 0x80760
                0x00080764                GetIVLenAndSecurityType_Ptr = 0x80764
                0x00080768                GetMACHeaderLen_Ptr = 0x80768
                0x0008076c                updateCheckSumVer2_Ptr = 0x8076c
                0x00080770                UpdateIV_Ptr = 0x80770
                0x00080774                WakeUpHost_Ptr = 0x80774
                0x00080778                PollingReg_8721D_Ptr = 0x80778
                0x0008077c                InitGTimer1ms_Ptr = 0x8077c
                0x00080780                InitGTimer32us_Ptr = 0x80780
                0x00080784                IssueRsvdPagePacketSetting_Ptr = 0x80784
                0x00080788                ResetBcnEarlyAdjustParm_Ptr = 0x80788
                0x0008078c                EnlargeBcnEarlyAndTimeout_Ptr = 0x8078c
                0x00080790                SetBcnEarlyAndTimeout_Ptr = 0x80790
                0x00080794                PS_S2ToS0State_Ptr = 0x80794
                0x00080798                ConfigListenBeaconPeriod_Ptr = 0x80798
                0x0008079c                IssueNullData_Ptr = 0x8079c
                0x000807a0                ChangeTransmiteRate_Ptr = 0x807a0
                0x000807a4                PowerBitSetting_Ptr = 0x807a4
                0x000807a8                IssueQNull_Ptr = 0x807a8
                0x000807ac                ReadRxBuff_Ptr = 0x807ac
                0x000807b0                IssuePSPoll_Ptr = 0x807b0
                0x000807b4                ChkandChangePS_Ptr = 0x807b4
                0x000807b8                IssueCTS2Self_Ptr = 0x807b8
                0x000807bc                WriteTxPauseWithMask_Ptr = 0x807bc
                0x000807c0                WriteTxPause_Ptr = 0x807c0
                0x000807c4                WaitTxStateMachineOk_Ptr = 0x807c4
                0x000807c8                PS_S4_Condition_Match_Ptr = 0x807c8
                0x000807cc                PS_S2_Condition_Match_Ptr = 0x807cc
                0x000807d0                PsCloseRF_Ptr = 0x807d0
                0x000807d4                PsOpenRF_Ptr = 0x807d4
                0x000807d8                PSModeSetting_Ptr = 0x807d8
                0x000807dc                Legacy_PS_Setting_Ptr = 0x807dc
                0x000807e0                ResetPSParm_Ptr = 0x807e0
                0x000807e4                Change_PS_State_Ptr = 0x807e4
                0x000807e8                SetPwrStateReg_Ptr = 0x807e8
                0x000807ec                SetSmartPSTimer_Ptr = 0x807ec
                0x000807f0                C2HBTInfo_Ptr = 0x807f0
                0x000807f4                BT_TDMA_Slot_Operation_0and3_Ptr = 0x807f4
                0x000807f8                FlexibleExtensionDecision_Ptr = 0x807f8
                0x000807fc                BTRoleChangeDefaultSetting_Ptr = 0x807fc
                0x00080800                BTNullSetting_Ptr = 0x80800
                0x00080804                MailboxINTHDL_Patch_Ptr = 0x80804
                0x00080808                MailboxINTHDL_Ptr = 0x80808
                0x0008080c                BTypeTDMATimeOuthdl_Ptr = 0x8080c
                0x00080810                DacSwing_Ptr = 0x80810
                0x00080814                IssueBTQNull_Ptr = 0x80814
                0x00080818                BTRoleChangeTBTTHDL_Ptr = 0x80818
                0x0008081c                BTypeTDMATBTThdl_Ptr = 0x8081c
                0x00080820                BackupAntennaSetting_Ptr = 0x80820
                0x00080824                C2HBTLoopback_Ptr = 0x80824
                0x00080828                BTMailboxRetry_Ptr = 0x80828
                0x0008082c                InitBTMailbox_Ptr = 0x8082c
                0x00080830                BTypeTDMABCNEarly_Ptr = 0x80830
                0x00080834                InitBTypeTDMA2_Ptr = 0x80834
                0x00080838                BTRoleChangeTimerHDL_Ptr = 0x80838
                0x0008083c                C2HBTMpRpt_Ptr = 0x8083c
                0x00080840                ChangeCoexTable_Ptr = 0x80840
                0x00080844                WlanActCtrl_Ptr = 0x80844
                0x00080848                InitBTCoexTimer_Ptr = 0x80848
                0x0008084c                AOAC_ANT_SWT_Ptr = 0x8084c
                0x00080850                BT_TDMA_Slot_Operation_2and5_Ptr = 0x80850
                0x00080854                BT_TDMA_Slot_Operation_1and4_Ptr = 0x80854
                0x00080858                FillMailbox_Ptr = 0x80858
                0x0008085c                WL2BTMailbox_Ptr = 0x8085c
                0x00080860                Write778_Ptr = 0x80860
                0x00080864                PktBufAccessCtrl_Ptr = 0x80864
                0x00080868                H2CDeQueue_Ptr = 0x80868
                0x0008086c                H2CInQueue_Ptr = 0x8086c
                0x00080870                C2HPKTRxDESC_Ptr = 0x80870
                0x00080874                FillC2HContant_Ptr = 0x80874
                0x00080878                IssueC2HPKT_Ptr = 0x80878
                0x0008087c                C2HDeQueue_Ptr = 0x8087c
                0x00080880                C2HInQueue_Ptr = 0x80880
                0x00080884                H2CCmdFunc_Ptr = 0x80884
                0x00080888                ODM_H2C_RADebugMonitor_Ptr = 0x80888
                0x0008088c                ArfrRefresh_Ptr = 0x8088c
                0x00080890                RateUp_search_RateMask_Ptr = 0x80890
                0x00080894                check_rate_Ptr = 0x80894
                0x00080898                Set_arfr_Ptr = 0x80898
                0x0008089c                InitialRateByRssi_Ptr = 0x8089c
                0x000808a0                InitRAInfo_rsvd_Ptr = 0x808a0
                0x000808a4                InitialRateUpdate_Ptr = 0x808a4
                0x000808a8                ISRSendSignalCommon_Ptr = 0x808a8
                0x000808ac                OSSendSignalCommon_Ptr = 0x808ac
                0x000808b0                pRATE_UP_FAIL_WAITING = 0x808b0
                0x000808b4                pARFB_table = 0x808b4
                0x000808b8                pRA = 0x808b8
                0x000808bc                pDEBUG = 0x808bc
                0x000808c0                pstainfo_ra = 0x808c0
                0x00080900                pODM = 0x80900
                0x00080904                pAOACPage1 = 0x80904
                0x00080908                pAOACGlobalInfo = 0x80908
                0x0008090c                pNetworkListInfo = 0x8090c
                0x00080910                pRWV2 = 0x80910
                0x00080914                pteredo_info = 0x80914
                0x00080918                pAOACReport = 0x80918
                0x0008091c                pSecurityInfo = 0x8091c
                0x00080920                pIpv6PseudoHeaderInfo = 0x80920
                0x00080924                pNDPInfo = 0x80924
                0x0008092c                pARPInfo = 0x8092c
                0x00080930                pAOACInfo = 0x80930
                0x00080934                BTcnt = 0x80934
                0x0008095c                BTDebugEN = 0x8095c
                0x00080960                pBT_Init_Info = 0x80960
                0x00080964                pBT_Page_Scan_Interval = 0x80964
                0x00080968                pWIFI_Info = 0x80968
                0x0008096c                pBtParm = 0x8096c
                0x00080970                pBTTxStatus = 0x80970
                0x00080974                pBtTdmaParm = 0x80974
                0x00080978                pMediaStatus = 0x80978
                0x0008097c                ScanEn = 0x8097c
                0x00080980                pPSBTParm = 0x80980
                0x00080984                pPSTParm = 0x80984
                0x00080988                pPSParm = 0x80988
                0x0008098c                pP2PPSInfo = 0x8098c
                0x00080990                pHwParm = 0x80990
                0x00080994                pMichaelPktParm = 0x80994
                0x00080998                pMsgKeyParm = 0x80998
                0x0008099c                pOpModeParm = 0x8099c
                0x000809a0                pDataCtrlParm = 0x809a0
                0x000809a4                pIpSec = 0x809a4
                0x000809a8                RXFF0_BNDY = 0x809a8
                0x000809ac                pC2HEvt = 0x809ac
                0x000809b0                pH2CEvt = 0x809b0
                0x000809b4                pRPL = 0x809b4
                0x000809b8                pIntHdl = 0x809b8
                0x000809bc                TaskBitMap = 0x809bc
                0x000809be                PHYRegDef = 0x809be
                0x000809ce                __rom_bss_end__ = 0x809ce
OUTPUT(target_rom2.axf elf32-littlearm)

.debug_info     0x00000000     0x264b
 .debug_info    0x00000000     0x264b ./build/rom2/check_lp_sign.o

.debug_abbrev   0x00000000      0x314
 .debug_abbrev  0x00000000      0x314 ./build/rom2/check_lp_sign.o

.debug_loc      0x00000000      0x203
 .debug_loc     0x00000000      0x203 ./build/rom2/check_lp_sign.o

.debug_aranges  0x00000000       0x40
 .debug_aranges
                0x00000000       0x40 ./build/rom2/check_lp_sign.o

.debug_ranges   0x00000000       0x48
 .debug_ranges  0x00000000       0x48 ./build/rom2/check_lp_sign.o

.debug_line     0x00000000      0x690
 .debug_line    0x00000000      0x690 ./build/rom2/check_lp_sign.o

.debug_str      0x00000000     0x1f2f
 .debug_str     0x00000000     0x1f2f ./build/rom2/check_lp_sign.o
                               0x20b1 (size before relaxing)

.comment        0x00000000       0x34
 .comment       0x00000000       0x34 ./build/rom2/check_lp_sign.o
                                 0x35 (size before relaxing)

.ARM.attributes
                0x00000000       0x30
 .ARM.attributes
                0x00000000       0x30 ./build/rom2/check_lp_sign.o

.debug_frame    0x00000000       0x9c
 .debug_frame   0x00000000       0x9c ./build/rom2/check_lp_sign.o

Cross Reference Table

Symbol                                            File
ADC_Readable_rom                                  ./build/rom2/check_lp_sign.o
ADC_SWTrigCmd_rom                                 ./build/rom2/check_lp_sign.o
BKUP_Write                                        ./build/rom2/check_lp_sign.o
BOOT_ROM_CM4PON                                   ./build/rom2/check_lp_sign.o
BOOT_ROM_KM0_Patch                                ./build/rom2/check_lp_sign.o
ConfigDebug                                       ./build/rom2/check_lp_sign.o
DelayMs                                           ./build/rom2/check_lp_sign.o
DelayUs                                           ./build/rom2/check_lp_sign.o
DiagPrintf                                        ./build/rom2/check_lp_sign.o
RCC_PeriphClockCmd                                ./build/rom2/check_lp_sign.o
__ram_start_table_start__                         ./build/rom2/check_lp_sign.o
__rom2_bss_end__                                  ./build/rom2/check_lp_sign.o
__rom2_bss_start__                                ./build/rom2/check_lp_sign.o
__rom2_data_end__                                 ./build/rom2/check_lp_sign.o
__rom2_data_start__                               ./build/rom2/check_lp_sign.o
__rom2_text_end__                                 ./build/rom2/check_lp_sign.o
_memcpy                                           ./build/rom2/check_lp_sign.o
_memset                                           ./build/rom2/check_lp_sign.o
app_gen_random_seed_rom                           ./build/rom2/check_lp_sign.o
km4_boot_on                                       ./build/rom2/check_lp_sign.o
rand_first                                        ./build/rom2/check_lp_sign.o
rand_seed                                         ./build/rom2/check_lp_sign.o
